==============================================================================
PIRAMIDY 3×3 — ABM gridsearch, bez risk factors
==============================================================================
  Siatka:    9 punktów (skrajne + środkowe z 12×12)
  FM ∈ ['0.40', '1.55', '2.50']
  MM ∈ ['0.30', '1.01', '1.60']
  Populacja: 50,000 | 600 mies. (50 lat)
  Workers:   9 rdzeni
==============================================================================
Creating synthetic realistic Polish population of 50000 citizens...
  Created 49999 citizens in 20000 households
  Created 4 zones with environmental parameters
Starting simulation for 600 months (50.0 years)
Initial population: 49999 citizens
Year 1: Population=48996, Households=20436
Year 5: Population=45476, Households=22183
Year 10: Population=41560, Households=24179
Year 15: Population=38093, Households=26124
Year 20: Population=34891, Households=27965
Year 25: Population=31742, Households=29735
Year 30: Population=28680, Households=31347
Year 35: Population=25542, Households=32811
Year 40: Population=22522, Households=34113
Year 45: Population=19592, Households=35336
Year 50: Population=16838, Households=36397
Simulation complete. Final population: 16838
Creating synthetic realistic Polish population of 50000 citizens...
  Created 49999 citizens in 20000 households
  Created 4 zones with environmental parameters
Starting simulation for 600 months (50.0 years)
Initial population: 49999 citizens
Year 1: Population=49467, Households=20428
Year 5: Population=47083, Households=22151
Year 10: Population=43859, Households=24302
Year 15: Population=40683, Households=26347
Year 20: Population=37651, Households=28319
Year 25: Population=34593, Households=30264
Year 30: Population=31576, Households=32166
Year 35: Population=28417, Households=33708
Year 40: Population=25349, Households=35156
Year 45: Population=22255, Households=36502
Year 50: Population=19364, Households=37675
Simulation complete. Final population: 19364
Creating synthetic realistic Polish population of 50000 citizens...
  Created 49999 citizens in 20000 households
  Created 4 zones with environmental parameters
Starting simulation for 600 months (50.0 years)
Initial population: 49999 citizens
Year 1: Population=49936, Households=20454
Year 5: Population=49487, Households=22313
Year 10: Population=48396, Households=24566
Year 15: Population=46827, Households=26935
Year 20: Population=44766, Households=29274
Year 25: Population=42420, Households=31620
Year 30: Population=39694, Households=33917
Year 35: Population=36727, Households=36036
Year 40: Population=33599, Households=38049
Year 45: Population=30400, Households=39880
Year 50: Population=27162, Households=41509
Simulation complete. Final population: 27162
Creating synthetic realistic Polish population of 50000 citizens...
  Created 49999 citizens in 20000 households
  Created 4 zones with environmental parameters
Starting simulation for 600 months (50.0 years)
Initial population: 49999 citizens
Year 1: Population=49502, Households=20429
Year 5: Population=47715, Households=22153
Year 10: Population=45851, Households=24200
Year 15: Population=44132, Households=26196
Year 20: Population=42481, Households=28058
Year 25: Population=41090, Households=29852
Year 30: Population=40185, Households=31611
Year 35: Population=39332, Households=33205
Year 40: Population=38468, Households=34830
Year 45: Population=37667, Households=36397
Year 50: Population=36762, Households=37883
Simulation complete. Final population: 36762
Creating synthetic realistic Polish population of 50000 citizens...
  Created 49999 citizens in 20000 households
  Created 4 zones with environmental parameters
Starting simulation for 600 months (50.0 years)
Initial population: 49999 citizens
Year 1: Population=49788, Households=20433
Year 5: Population=49425, Households=22074
Year 10: Population=49093, Households=24057
Year 15: Population=48848, Households=25934
Year 20: Population=48992, Households=27680
Year 25: Population=49401, Households=29394
Year 30: Population=50802, Households=31076
Year 35: Population=53246, Households=32828
Year 40: Population=56388, Households=34671
Year 45: Population=59533, Households=36602
Year 50: Population=63091, Households=38525
Simulation complete. Final population: 63091
Creating synthetic realistic Polish population of 50000 citizens...
  Created 49999 citizens in 20000 households
  Created 4 zones with environmental parameters
Starting simulation for 600 months (50.0 years)
Initial population: 49999 citizens
Year 1: Population=50247, Households=20444
Year 5: Population=51089, Households=22254
Year 10: Population=51688, Households=24418
Year 15: Population=51697, Households=26432
Year 20: Population=51874, Households=28413
Year 25: Population=52519, Households=30280
Year 30: Population=54157, Households=32290
Year 35: Population=56763, Households=34310
Year 40: Population=59738, Households=36321
Year 45: Population=62907, Households=38321
Year 50: Population=66345, Households=40430
Simulation complete. Final population: 66345
Creating synthetic realistic Polish population of 50000 citizens...
  Created 49999 citizens in 20000 households
  Created 4 zones with environmental parameters
Starting simulation for 600 months (50.0 years)
Initial population: 49999 citizens
Year 1: Population=50815, Households=20433
Year 5: Population=53467, Households=22330
Year 10: Population=55996, Households=24732
Year 15: Population=57765, Households=27145
Year 20: Population=59033, Households=29575
Year 25: Population=60392, Households=31874
Year 30: Population=62428, Households=34240
Year 35: Population=65378, Households=36753
Year 40: Population=68475, Households=39224
Year 45: Population=71627, Households=41734
Year 50: Population=75049, Households=44299
Simulation complete. Final population: 75049
Creating synthetic realistic Polish population of 50000 citizens...
  Created 49999 citizens in 20000 households
  Created 4 zones with environmental parameters
Starting simulation for 600 months (50.0 years)
Initial population: 49999 citizens
Year 1: Population=50356, Households=20458
Year 5: Population=51616, Households=22340
Year 10: Population=52468, Households=24736
Year 15: Population=52633, Households=27084
Year 20: Population=52476, Households=29476
Year 25: Population=51874, Households=31866
Year 30: Population=51114, Households=34286
Year 35: Population=50435, Households=36635
Year 40: Population=49622, Households=38874
Year 45: Population=48798, Households=41129
Year 50: Population=47804, Households=43254
Simulation complete. Final population: 47804
Creating synthetic realistic Polish population of 50000 citizens...
  Created 49999 citizens in 20000 households
  Created 4 zones with environmental parameters
Starting simulation for 600 months (50.0 years)
Initial population: 49999 citizens
Year 1: Population=49898, Households=20451
Year 5: Population=49167, Households=22168
Year 10: Population=47977, Households=24378
Year 15: Population=46711, Households=26340
Year 20: Population=45262, Households=28322
Year 25: Population=44179, Households=30283
Year 30: Population=43072, Households=32155
Year 35: Population=42153, Households=34012
Year 40: Population=41319, Households=35721
Year 45: Population=40438, Households=37387
Year 50: Population=39646, Households=39008
Simulation complete. Final population: 39646
  [1/9] FM=0.400 MM=1.600 → score= -66.32%  pop=16,838  mediana=58.8lat  CVD= 9.8%  LC=1.12%
  [2/9] FM=0.400 MM=1.009 → score= -61.27%  pop=19,364  mediana=61.7lat  CVD=12.3%  LC=1.42%
  [3/9] FM=0.400 MM=0.300 → score= -45.67%  pop=27,162  mediana=69.5lat  CVD=19.7%  LC=2.63%
  [4/9] FM=1.545 MM=1.600 → score= -26.47%  pop=36,762  mediana=38.7lat  CVD= 5.2%  LC=0.53%
  [5/9] FM=1.545 MM=1.009 → score= -20.71%  pop=39,646  mediana=40.8lat  CVD= 6.5%  LC=0.69%
  [6/9] FM=1.545 MM=0.300 → score=  -4.39%  pop=47,804  mediana=48.2lat  CVD=12.0%  LC=1.66%
  [7/9] FM=2.500 MM=1.600 → score= +26.18%  pop=63,091  mediana=26.6lat  CVD= 3.4%  LC=0.32%
  [8/9] FM=2.500 MM=1.009 → score= +32.69%  pop=66,345  mediana=27.8lat  CVD= 4.3%  LC=0.44%
  [9/9] FM=2.500 MM=0.300 → score= +50.10%  pop=75,049  mediana=32.5lat  CVD= 7.8%  LC=1.01%

✓ Zapisano: piramidy_3x3_no_rf.html
